mutex;1;30;100000;10240;1;;2058;13
alloc:
min:0 max:22725 avg:4 nb:100000
 0;72423
 1;24258
 2;724
 3;716
 4;201
 5;19
 6;5
 7;2
 8;2
 9;7
 10;47
 11;64
 12;67
 13;53
 14;31
 15;20
 16;8
 17;3
 18;1
 19;5
 20;3
 21;12
 22;9
 23;9
 24;4
 25;4
 26;4
 27;6
 28;4
 29;3
 30;6
 31;4
 32;2
 33;6
 34;2
 35;2
 36;4
 37;1
 38;3
 39;4
 40;9
 41;5
 42;5
 43;2
 44;5
 45;1
 46;2
 47;5
 48;4
 49;10
 50;7
 51;5
 52;6
 53;6
 54;4
 55;6
 56;7
 57;5
 58;4
 59;7
 60;8
 61;5
 62;3
 63;6
 64;4
 65;7
 67;3
 68;2
 69;6
 70;3
 71;5
 72;10
 73;2
 74;7
 75;3
 76;4
 77;4
 78;3
 79;5
 80;2
 81;3
 82;4
 83;7
 84;7
 85;1
 87;2
 88;4
 89;6
 90;3
 91;5
 92;3
 93;5
 94;5
 95;4
 96;2
 97;5
 98;4
 99;1
 100;6
 101;3
 102;4
 103;2
 104;3
 105;7
 107;6
 108;2
 109;2
 110;6
 111;9
 112;2
 113;3
 114;1
 115;2
 116;5
 117;4
 118;3
 119;4
 120;7
 121;8
 122;4
 123;4
 124;5
 125;4
 126;5
 127;4
 128;1
 129;1
 130;1
 131;2
 132;4
 133;9
 134;3
 135;2
 136;6
 137;6
 138;1
 139;3
 140;6
 141;4
 142;6
 143;4
 144;6
 145;4
 146;7
 147;4
 148;1
 149;6
 150;2
 151;5
 152;2
 153;7
 154;4
 155;3
 156;5
 157;3
 158;1
 159;3
 160;1
 161;2
 162;1
 163;2
 164;1
 165;4
 166;3
 167;2
 168;1
 169;2
 171;2
 172;3
 173;6
 174;2
 175;4
 176;4
 177;1
 178;3
 179;4
 180;1
 181;1
 182;3
 183;3
 184;4
 185;4
 186;1
 187;3
 188;3
 189;1
 190;4
 191;3
 193;3
 194;1
 195;4
 196;4
 197;1
 198;2
 199;3
 200;2
 201;3
 202;1
 203;4
 204;1
 205;2
 206;4
 207;5
 208;1
 209;2
 210;1
 211;1
 212;5
 213;1
 214;1
 215;1
 216;2
 217;3
 218;2
 219;4
 220;3
 221;2
 222;1
 224;3
 225;2
 226;1
 228;2
 230;4
 231;2
 232;3
 235;2
 236;3
 237;3
 238;4
 239;4
 240;2
 241;3
 242;5
 243;2
 244;2
 245;4
 246;2
 247;2
 248;1
 249;3
 250;2
 251;3
 252;2
 253;5
 254;3
 255;1
 256;1
 257;2
 258;1
 259;3
 260;2
 261;2
 262;2
 263;3
 264;4
 265;1
 266;5
 267;2
 268;2
 269;1
 270;6
 271;2
 272;3
 274;2
 275;2
 276;1
 277;1
 279;1
 280;1
 281;3
 282;1
 283;1
 284;4
 285;2
 286;2
 288;2
 289;1
 290;1
 291;4
 292;1
 293;1
 294;1
 297;4
 298;1
 299;2
 300;2
 302;4
 303;3
 305;2
 306;1
 307;2
 308;1
 310;1
 311;4
 312;2
 313;3
 314;2
 315;2
 317;2
 318;2
 319;3
 320;3
 321;1
 322;4
 325;3
 326;2
 327;4
 329;1
 330;3
 331;3
 332;1
 333;2
 334;1
 335;3
 336;2
 338;1
 339;1
 340;3
 341;1
 342;2
 343;3
 344;1
 345;1
 346;2
 347;1
 348;2
 349;1
 350;1
 351;3
 352;1
 353;2
 354;1
 355;1
 356;1
 357;1
 358;2
 360;1
 361;1
 362;2
 364;2
 366;5
 367;2
 368;3
 369;2
 370;1
 371;3
 372;1
 373;1
 375;1
 378;2
 380;2
 381;1
 382;1
 383;2
 384;4
 385;1
 386;3
 387;1
 388;1
 389;1
 391;1
 393;1
 394;2
 397;1
 398;1
 399;2
 401;1
 403;2
 404;1
 406;2
 407;1
 408;2
 409;2
 412;2
 413;1
 415;1
 416;2
 417;1
 418;2
 420;3
 422;1
 423;2
 425;2
 426;3
 427;1
 429;1
 430;1
 432;2
 434;1
 436;2
 437;2
 438;1
 439;2
 440;1
 442;3
 443;1
 444;1
 446;1
 447;4
 449;2
 450;4
 451;1
 452;1
 453;3
 454;1
 458;1
 459;1
 460;3
 462;1
 464;1
 466;3
 467;2
 468;1
 469;1
 470;2
 471;1
 472;3
 475;2
 476;2
 478;1
 479;2
 481;1
 482;1
 483;1
 484;1
 486;1
 487;1
 491;1
 494;3
 495;1
 500;3
 501;2
 503;1
 504;1
 505;1
 510;1
 511;1
 512;2
 513;2
 516;1
 518;1
 520;1
 524;3
 526;1
 527;2
 528;1
 531;1
 532;1
 533;1
 535;2
 538;1
 539;1
 540;1
 542;1
 543;1
 544;1
 548;1
 551;1
 552;1
 553;1
 554;1
 555;1
 562;2
 565;2
 566;1
 569;1
 570;1
 572;2
 575;1
 579;1
 581;1
 582;1
 583;1
 585;3
 587;3
 588;1
 590;2
 593;2
 595;1
 596;1
 597;1
 603;2
 605;1
 608;1
 610;1
 611;2
 615;2
 618;1
 619;1
 623;1
 625;2
 627;2
 629;1
 630;1
 632;2
 635;1
 638;1
 645;1
 646;1
 647;1
 650;2
 656;1
 664;1
 667;1
 668;1
 674;1
 681;1
 683;2
 684;1
 692;1
 696;1
 698;1
 707;1
 714;1
 715;1
 716;2
 717;1
 730;1
 740;1
 745;1
 751;1
 753;1
 760;1
 762;1
 764;1
 768;1
 774;2
 812;1
 818;1
 823;1
 826;1
 835;1
 838;1
 839;1
 857;1
 867;1
 874;1
 888;1
 890;1
 926;1
 927;1
 929;1
 946;1
 947;1
 951;1
 953;1
 959;1
 970;1
 978;1
 980;1
 982;1
 1012;1
 1014;1
 1026;1
 1027;1
 1028;1
 1038;1
 1042;1
 1048;1
 1050;1
 1086;1
 1108;1
 1120;1
 1133;1
 1144;1
 1145;1
 1150;1
 1202;1
 1242;1
 1249;1
 1257;1
 1271;1
 1280;1
 1324;1
 1333;1
 1352;1
 1378;1
 1456;1
 1592;1
 1627;1
 1668;1
 1673;1
 1828;1
 1925;1
 2059;1
 22725;1
 min:0 max:22725 avg:4 nb:100000
free:
min:0 max:1615 avg:5 nb:100000
 0;84483
 1;10682
 2;930
 3;1478
 4;366
 5;48
 6;12
 8;2
 9;8
 10;23
 11;22
 12;21
 13;21
 14;15
 15;6
 16;5
 17;2
 18;6
 19;7
 20;14
 21;14
 22;9
 23;9
 24;6
 25;7
 26;4
 27;6
 28;8
 29;10
 30;9
 31;5
 32;8
 33;9
 34;5
 35;4
 36;3
 37;12
 38;6
 39;3
 40;14
 41;5
 42;7
 43;10
 44;8
 45;7
 46;10
 47;4
 48;11
 49;5
 50;6
 51;6
 52;3
 53;4
 54;7
 55;7
 56;5
 57;8
 58;12
 59;7
 60;11
 61;4
 62;6
 63;7
 64;9
 65;9
 66;8
 67;8
 68;7
 69;8
 70;4
 71;6
 72;9
 73;13
 74;9
 75;8
 76;5
 77;7
 78;6
 79;4
 80;4
 81;6
 82;10
 83;7
 84;8
 85;4
 86;8
 87;5
 88;5
 89;9
 90;6
 91;4
 92;7
 93;1
 94;6
 95;3
 96;8
 97;3
 98;10
 99;5
 100;7
 101;3
 102;13
 103;4
 104;5
 105;6
 106;3
 107;6
 108;6
 109;5
 110;12
 111;4
 112;7
 113;8
 114;4
 115;6
 116;4
 117;5
 118;1
 119;6
 120;3
 121;3
 122;8
 123;3
 124;8
 125;8
 126;8
 127;2
 128;7
 129;4
 130;5
 131;4
 132;7
 133;5
 134;6
 135;7
 136;2
 137;7
 138;10
 139;2
 140;5
 141;7
 142;3
 143;5
 144;7
 145;3
 146;1
 147;7
 148;4
 149;7
 150;1
 151;6
 152;10
 153;4
 154;2
 155;7
 156;3
 157;3
 158;2
 159;1
 160;4
 161;2
 162;3
 163;3
 164;3
 165;2
 166;2
 167;2
 168;3
 169;3
 170;7
 171;4
 172;3
 173;5
 174;2
 175;3
 176;7
 177;5
 178;3
 179;2
 180;9
 181;4
 182;2
 183;3
 184;3
 185;2
 186;4
 187;2
 188;6
 189;2
 190;2
 191;3
 192;6
 193;4
 194;3
 196;5
 197;1
 198;4
 199;5
 200;6
 201;4
 202;2
 203;3
 204;4
 205;4
 208;6
 209;1
 210;6
 211;5
 212;4
 213;4
 214;3
 215;4
 216;3
 217;2
 218;3
 219;3
 220;6
 221;4
 222;5
 223;3
 224;4
 225;2
 226;1
 228;3
 229;3
 230;1
 231;2
 232;5
 233;1
 234;5
 235;4
 236;1
 237;3
 238;3
 239;1
 240;4
 241;2
 242;6
 243;2
 244;2
 245;1
 246;2
 247;3
 249;6
 250;2
 251;3
 253;2
 254;6
 255;2
 256;7
 258;3
 259;3
 260;1
 261;2
 262;3
 263;3
 264;4
 265;5
 266;4
 267;3
 268;4
 269;7
 270;3
 271;3
 272;2
 273;3
 274;1
 275;1
 276;3
 277;7
 278;1
 279;4
 280;3
 281;3
 282;3
 283;3
 284;2
 286;2
 287;3
 288;2
 289;4
 291;1
 292;1
 293;2
 294;4
 295;4
 296;5
 297;5
 299;2
 301;2
 302;1
 304;2
 306;4
 307;3
 308;5
 310;2
 311;4
 312;6
 313;2
 314;3
 315;3
 316;1
 317;2
 318;5
 320;3
 321;2
 322;1
 324;1
 325;1
 326;2
 328;3
 329;1
 330;2
 331;2
 332;1
 333;2
 334;3
 335;2
 336;2
 337;4
 338;1
 339;5
 340;1
 341;2
 342;2
 343;2
 344;2
 345;3
 346;1
 347;3
 348;6
 349;3
 350;1
 352;2
 353;3
 354;3
 355;1
 356;1
 357;1
 358;1
 359;2
 360;3
 361;3
 362;2
 363;2
 364;3
 365;1
 366;3
 367;6
 368;2
 370;1
 372;1
 373;3
 374;2
 375;2
 376;4
 378;5
 379;2
 380;1
 382;2
 383;1
 385;3
 386;2
 387;2
 388;1
 389;3
 390;1
 392;1
 393;2
 395;1
 396;1
 397;3
 399;2
 400;1
 402;4
 403;2
 404;1
 406;1
 407;2
 408;3
 409;2
 410;2
 413;2
 414;2
 416;1
 417;3
 418;1
 419;3
 420;1
 421;2
 422;1
 423;2
 424;2
 427;1
 428;3
 429;1
 430;1
 431;1
 434;2
 435;2
 436;2
 437;1
 438;1
 439;1
 441;1
 442;1
 443;1
 447;2
 448;1
 453;2
 455;3
 456;1
 457;3
 458;1
 460;1
 461;1
 462;2
 464;1
 465;3
 466;2
 467;1
 468;1
 470;3
 471;1
 472;4
 473;1
 474;2
 475;1
 479;2
 480;2
 482;2
 483;1
 484;1
 485;2
 487;2
 489;2
 490;3
 491;1
 492;1
 493;1
 494;1
 495;1
 496;1
 497;1
 498;3
 500;1
 501;1
 502;1
 503;1
 505;4
 508;3
 509;1
 510;1
 511;1
 512;1
 513;1
 514;1
 517;1
 518;1
 519;2
 520;1
 522;1
 527;1
 530;1
 533;1
 535;2
 536;2
 537;1
 539;2
 540;1
 543;1
 544;1
 548;1
 549;1
 552;1
 553;1
 555;1
 556;1
 557;1
 558;2
 562;1
 565;1
 566;1
 573;1
 576;1
 577;3
 578;1
 580;2
 581;1
 582;1
 586;1
 588;3
 589;1
 593;1
 594;1
 595;1
 596;2
 603;1
 608;1
 620;1
 622;2
 623;3
 625;2
 626;3
 627;1
 628;1
 632;1
 634;1
 635;2
 638;1
 641;1
 647;1
 648;2
 650;1
 651;2
 652;1
 653;2
 656;2
 658;1
 660;1
 661;1
 662;1
 666;2
 667;1
 674;2
 675;1
 679;1
 683;2
 687;3
 689;1
 691;1
 692;1
 693;1
 695;2
 697;1
 700;1
 702;1
 707;1
 709;1
 711;2
 712;1
 716;1
 729;1
 731;1
 735;1
 745;1
 746;1
 747;1
 748;2
 749;1
 753;1
 757;1
 760;1
 761;1
 763;1
 764;1
 765;1
 767;1
 773;1
 785;1
 786;1
 789;1
 792;1
 795;1
 802;1
 804;1
 807;1
 811;1
 812;1
 813;1
 820;1
 826;1
 828;1
 838;1
 840;1
 845;1
 849;1
 852;1
 857;2
 860;1
 864;1
 866;1
 867;2
 868;1
 873;1
 875;1
 880;1
 886;1
 900;1
 905;1
 907;1
 914;1
 916;1
 917;1
 921;3
 924;1
 928;1
 932;1
 938;2
 954;1
 955;1
 959;1
 965;1
 973;1
 981;1
 992;1
 1008;1
 1009;1
 1019;1
 1029;1
 1037;1
 1062;1
 1064;1
 1068;1
 1070;1
 1074;1
 1088;1
 1104;1
 1106;1
 1145;1
 1150;1
 1182;1
 1184;1
 1194;1
 1200;1
 1203;1
 1205;1
 1211;1
 1213;1
 1216;1
 1229;1
 1231;1
 1232;1
 1249;1
 1262;1
 1326;1
 1352;1
 1426;1
 1448;1
 1464;1
 1473;1
 1477;1
 1493;1
 1517;1
 1518;1
 1615;1
 min:0 max:1205 avg:6 nb:3554
 min:0 max:1213 avg:4 nb:3538
 min:0 max:1009 avg:9 nb:2949
 min:0 max:1473 avg:6 nb:3298
 min:0 max:707 avg:4 nb:3577
 min:0 max:973 avg:5 nb:3403
 min:0 max:1019 avg:5 nb:3402
 min:0 max:1477 avg:5 nb:3536
 min:0 max:1203 avg:7 nb:3283
 min:0 max:900 avg:4 nb:3606
 min:0 max:1518 avg:7 nb:3047
 min:0 max:938 avg:5 nb:2894
 min:0 max:1517 avg:4 nb:3673
 min:0 max:1184 avg:3 nb:3696
 min:0 max:1231 avg:5 nb:2929
 min:0 max:1064 avg:3 nb:3556
 min:0 max:1426 avg:6 nb:3212
 min:0 max:864 avg:5 nb:3079
 min:0 max:1615 avg:5 nb:3530
 min:0 max:938 avg:6 nb:3228
 min:0 max:1104 avg:3 nb:3573
 min:0 max:687 avg:4 nb:3162
 min:0 max:1464 avg:5 nb:3247
 min:0 max:857 avg:5 nb:2831
 min:0 max:1232 avg:5 nb:3593
 min:0 max:1216 avg:6 nb:3637
 min:0 max:1493 avg:4 nb:2959
 min:0 max:1229 avg:5 nb:3417
 min:0 max:1326 avg:5 nb:3008
 min:0 max:965 avg:4 nb:3583
