old_tree;15;15;100000;10240;1;;2285;4160
alloc:
min:0 max:679 avg:1 nb:1500000
 0;664628
 1;819994
 2;11925
 3;1367
 4;842
 5;632
 6;259
 7;139
 8;45
 9;18
 10;4
 11;4
 12;4
 13;2
 14;2
 15;4
 17;1
 20;1
 22;1
 23;2
 24;2
 25;2
 27;2
 28;2
 29;3
 30;2
 31;2
 33;1
 34;2
 35;2
 36;1
 37;1
 38;1
 39;1
 40;1
 41;1
 42;1
 44;1
 48;2
 50;3
 51;1
 52;2
 56;1
 57;1
 58;1
 59;2
 61;1
 63;1
 65;1
 66;2
 68;1
 69;3
 75;1
 77;1
 78;1
 81;1
 85;3
 88;1
 89;1
 90;1
 94;2
 95;1
 96;1
 104;1
 105;1
 106;1
 107;1
 108;1
 111;1
 116;1
 120;1
 125;2
 126;2
 127;1
 137;1
 138;2
 139;1
 145;1
 149;1
 150;1
 151;1
 152;1
 153;1
 161;1
 164;1
 171;1
 172;1
 179;1
 185;1
 188;1
 190;1
 191;1
 194;1
 197;1
 215;1
 240;1
 246;1
 247;1
 264;1
 266;1
 271;1
 273;1
 277;2
 279;1
 288;1
 308;1
 312;2
 340;1
 356;1
 368;1
 387;2
 392;1
 404;1
 444;1
 458;1
 476;1
 489;1
 554;1
 679;1
 min:0 max:277 avg:1 nb:100000
 min:0 max:458 avg:1 nb:100000
 min:0 max:29 avg:1 nb:100000
 min:0 max:554 avg:1 nb:100000
 min:0 max:679 avg:1 nb:100000
 min:0 max:444 avg:1 nb:100000
 min:0 max:489 avg:1 nb:100000
 min:0 max:288 avg:1 nb:100000
 min:0 max:194 avg:1 nb:100000
 min:0 max:387 avg:1 nb:100000
 min:0 max:392 avg:1 nb:100000
 min:0 max:271 avg:1 nb:100000
 min:0 max:179 avg:1 nb:100000
 min:0 max:404 avg:1 nb:100000
 min:0 max:127 avg:1 nb:100000
free:
min:0 max:657 avg:0 nb:1500000
 0;1490011
 1;9622
 2;193
 3;13
 4;4
 6;4
 7;2
 8;2
 9;1
 10;1
 12;2
 13;2
 14;3
 16;1
 17;2
 19;1
 20;1
 23;1
 24;2
 25;3
 27;3
 31;1
 32;1
 33;1
 37;2
 38;1
 39;1
 41;2
 42;3
 43;3
 44;2
 45;2
 46;1
 51;2
 52;1
 54;2
 55;1
 57;2
 59;2
 62;1
 63;2
 66;1
 70;1
 71;2
 72;1
 73;2
 76;1
 77;1
 79;1
 80;3
 81;2
 82;2
 83;1
 85;1
 86;1
 88;1
 90;1
 91;2
 94;1
 95;1
 97;2
 99;2
 102;1
 103;1
 109;1
 115;2
 116;1
 118;1
 120;1
 121;1
 122;2
 124;1
 125;1
 126;1
 129;1
 131;1
 136;1
 139;1
 140;1
 141;2
 143;1
 150;1
 152;1
 155;2
 156;1
 157;1
 162;1
 167;1
 168;3
 170;1
 173;1
 180;1
 184;1
 186;1
 187;1
 190;1
 209;1
 212;1
 236;1
 244;1
 256;1
 262;1
 279;1
 282;1
 286;1
 297;1
 300;1
 310;2
 312;1
 339;3
 399;1
 400;1
 420;1
 551;1
 601;1
 657;1
 min:0 max:339 avg:0 nb:98085
 min:0 max:180 avg:0 nb:102004
 min:0 max:601 avg:0 nb:96592
 min:0 max:300 avg:0 nb:96463
 min:0 max:157 avg:0 nb:98948
 min:0 max:187 avg:0 nb:104383
 min:0 max:168 avg:0 nb:105227
 min:0 max:297 avg:0 nb:100032
 min:0 max:420 avg:0 nb:95786
 min:0 max:184 avg:0 nb:101858
 min:0 max:657 avg:0 nb:98178
 min:0 max:400 avg:0 nb:101502
 min:0 max:82 avg:0 nb:100247
 min:0 max:310 avg:0 nb:101432
 min:0 max:51 avg:0 nb:99263
