tree;15;15;100000;10240;1;;2269;2880
alloc:
min:0 max:554 avg:1 nb:1500000
 0;651394
 1;831439
 2;13342
 3;963
 4;326
 5;365
 6;357
 7;304
 8;239
 9;229
 10;191
 11;136
 12;101
 13;73
 14;70
 15;60
 16;46
 17;39
 18;43
 19;38
 20;25
 21;18
 22;15
 23;13
 24;14
 25;13
 26;7
 27;8
 28;3
 29;6
 30;6
 31;6
 32;3
 33;4
 34;2
 35;1
 36;1
 37;1
 39;2
 40;6
 41;1
 42;2
 43;3
 44;1
 45;2
 47;1
 48;1
 49;1
 51;1
 52;2
 54;2
 55;2
 57;1
 58;1
 60;3
 61;2
 63;1
 66;1
 68;1
 70;1
 71;2
 72;4
 78;1
 79;1
 82;1
 83;2
 84;1
 86;2
 87;1
 88;1
 89;1
 90;1
 96;1
 98;2
 103;1
 104;1
 105;1
 108;1
 110;1
 113;1
 119;1
 120;1
 121;1
 122;1
 126;1
 132;1
 137;1
 142;1
 148;1
 156;1
 159;2
 167;1
 173;1
 175;2
 176;1
 187;2
 197;2
 206;1
 231;1
 234;1
 239;1
 264;1
 284;1
 298;1
 299;1
 318;1
 346;1
 445;1
 514;1
 554;1
 min:0 max:284 avg:1 nb:100000
 min:0 max:318 avg:1 nb:100000
 min:0 max:119 avg:1 nb:100000
 min:0 max:25 avg:1 nb:100000
 min:0 max:554 avg:1 nb:100000
 min:0 max:175 avg:1 nb:100000
 min:0 max:40 avg:1 nb:100000
 min:0 max:159 avg:1 nb:100000
 min:0 max:126 avg:1 nb:100000
 min:0 max:445 avg:1 nb:100000
 min:0 max:299 avg:1 nb:100000
 min:0 max:197 avg:1 nb:100000
 min:0 max:187 avg:1 nb:100000
 min:0 max:40 avg:1 nb:100000
 min:0 max:514 avg:1 nb:100000
free:
min:0 max:611 avg:0 nb:1500000
 0;1492028
 1;7691
 2;183
 3;17
 4;3
 11;1
 12;1
 17;1
 20;1
 22;1
 23;1
 24;1
 25;1
 26;1
 30;1
 33;2
 34;1
 37;1
 39;3
 40;1
 42;1
 43;1
 48;1
 49;1
 51;1
 53;1
 56;1
 62;2
 63;1
 64;1
 65;1
 69;2
 71;1
 77;1
 82;2
 89;1
 96;1
 105;1
 108;1
 111;1
 112;1
 113;1
 116;1
 129;1
 133;1
 136;2
 138;1
 144;1
 149;1
 159;2
 171;1
 177;1
 180;1
 182;1
 188;1
 194;1
 198;1
 209;1
 218;1
 228;1
 244;1
 249;1
 257;1
 263;1
 281;1
 290;1
 291;1
 307;1
 314;2
 315;1
 330;1
 369;1
 402;1
 611;1
 min:0 max:133 avg:0 nb:96150
 min:0 max:149 avg:0 nb:103893
 min:0 max:369 avg:0 nb:105593
 min:0 max:291 avg:0 nb:97420
 min:0 max:263 avg:0 nb:98432
 min:0 max:64 avg:0 nb:98165
 min:0 max:314 avg:0 nb:96269
 min:0 max:290 avg:0 nb:99183
 min:0 max:281 avg:0 nb:96560
 min:0 max:113 avg:0 nb:102433
 min:0 max:188 avg:0 nb:95486
 min:0 max:136 avg:0 nb:98729
 min:0 max:307 avg:0 nb:99230
 min:0 max:402 avg:0 nb:106715
 min:0 max:611 avg:0 nb:105742
